// Jest Snapshot v1, https://goo.gl/fbAQLP

exports[`veTable header group render 1`] = `
<div class="ve-table">
  <div class="ve-table-container ve-table-border-around" style="height: 2px;">
    <table class="ve-table-content ve-table-border-x">
      <colgroup>
        <col style="width: 10%;">
        <col style="width: 100px;">
        <col style="width: 110px;">
        <col style="width: 130px;">
        <col style="width: 140px;">
        <col style="width: 140px;">
      </colgroup>
      <thead class="ve-table-fixed-header ve-table-header">
        <tr class="ve-table-header-tr">
          <th rowspan="3" colspan="1" class="ve-table-header-th" style="text-align: center; top: 0px;">col1</th>
          <th rowspan="1" colspan="2" class="ve-table-header-th" style="text-align: center; top: 0px;">col2-col3</th>
          <th rowspan="1" colspan="3" class="ve-table-header-th ve-table-last-column" style="text-align: center; top: 0px;">col4-col5-col6</th>
        </tr>
        <tr class="ve-table-header-tr">
          <th rowspan="2" colspan="1" class="ve-table-header-th" style="text-align: center; top: 0px;">col2</th>
          <th rowspan="2" colspan="1" class="ve-table-header-th" style="text-align: center; top: 0px;">col3</th>
          <th rowspan="1" colspan="2" class="ve-table-header-th" style="text-align: center; top: 0px;">col4-col5</th>
          <th rowspan="2" colspan="1" class="ve-table-header-th ve-table-last-column" style="text-align: center; top: 0px;">col6</th>
        </tr>
        <tr class="ve-table-header-tr">
          <th rowspan="1" colspan="1" class="ve-table-header-th" style="text-align: center; top: 0px;">col4</th>
          <th rowspan="1" colspan="1" class="ve-table-header-th" style="text-align: center; top: 0px;">col5</th>
        </tr>
      </thead>
      <tbody class="ve-table-body ve-table-row-hover ve-table-row-highlight">
        <tr style="height: 0px;">
          <td style="padding: 0px; border: 0px; height: 0px;"></td>
          <td style="padding: 0px; border: 0px; height: 0px;"></td>
          <td style="padding: 0px; border: 0px; height: 0px;"></td>
          <td style="padding: 0px; border: 0px; height: 0px;"></td>
          <td style="padding: 0px; border: 0px; height: 0px;"></td>
          <td style="padding: 0px; border: 0px; height: 0px;"></td>
        </tr>
        <tr row-key="0" class="ve-table-body-tr">
          <td rowspan="1" colspan="1" class="ve-table-body-td" style="text-align: center;">1</td>
          <td rowspan="1" colspan="1" class="ve-table-body-td" style="text-align: center;">2</td>
          <td rowspan="1" colspan="1" class="ve-table-body-td" style="text-align: center;">3</td>
          <td rowspan="1" colspan="1" class="ve-table-body-td" style="text-align: center;">4</td>
          <td rowspan="1" colspan="1" class="ve-table-body-td" style="text-align: center;">5</td>
          <td rowspan="1" colspan="1" class="ve-table-body-td" style="text-align: center;">6</td>
        </tr>
        <tr row-key="1" class="ve-table-body-tr">
          <td rowspan="1" colspan="1" class="ve-table-body-td" style="text-align: center;">1</td>
          <td rowspan="1" colspan="1" class="ve-table-body-td" style="text-align: center;">2</td>
          <td rowspan="1" colspan="1" class="ve-table-body-td" style="text-align: center;">3</td>
          <td rowspan="1" colspan="1" class="ve-table-body-td" style="text-align: center;">4</td>
          <td rowspan="1" colspan="1" class="ve-table-body-td" style="text-align: center;">5</td>
          <td rowspan="1" colspan="1" class="ve-table-body-td" style="text-align: center;">6</td>
        </tr>
      </tbody>
      <tfoot class="ve-table-fixed-footer ve-table-footer"></tfoot>
    </table>
  </div>
</div>
`;
