// Jest Snapshot v1, https://goo.gl/fbAQLP

exports[`veTable cell style render 1`] = `
<div class="ve-table">
  <div class="ve-table-container ve-table-border-around" style="height: 2px;">
    <table class="ve-table-content ve-table-border-x">
      <colgroup>
        <col>
        <col>
        <col>
        <col>
      </colgroup>
      <thead class="ve-table-fixed-header ve-table-header">
        <tr class="ve-table-header-tr">
          <th rowspan="1" colspan="1" class="ve-table-header-th" style="text-align: left; top: 0px;">Name</th>
          <th rowspan="1" colspan="1" class="ve-table-header-th" style="text-align: left; top: 0px;">Date</th>
          <th rowspan="1" colspan="1" class="ve-table-header-th table-header-cell-class" style="text-align: left; top: 0px;">Hobby</th>
          <th rowspan="1" colspan="1" class="ve-table-header-th ve-table-last-column" style="text-align: left; top: 0px;">Address</th>
        </tr>
      </thead>
      <tbody class="ve-table-body ve-table-row-hover ve-table-row-highlight">
        <tr style="height: 0px;">
          <td style="padding: 0px; border: 0px; height: 0px;"></td>
          <td style="padding: 0px; border: 0px; height: 0px;"></td>
          <td style="padding: 0px; border: 0px; height: 0px;"></td>
          <td style="padding: 0px; border: 0px; height: 0px;"></td>
        </tr>
        <tr class="ve-table-body-tr">
          <td rowspan="1" colspan="1" class="ve-table-body-td" style="text-align: left;">John</td>
          <td rowspan="1" colspan="1" class="ve-table-body-td" style="text-align: left;">1900-05-20</td>
          <td rowspan="1" colspan="1" class="ve-table-body-td table-body-cell-class1" style="text-align: left;">coding</td>
          <td rowspan="1" colspan="1" class="ve-table-body-td" style="text-align: left;">No.1 Century Avenue, Shanghai</td>
        </tr>
        <tr class="ve-table-body-tr">
          <td rowspan="1" colspan="1" class="ve-table-body-td" style="text-align: left;">Dickerson</td>
          <td rowspan="1" colspan="1" class="ve-table-body-td" style="text-align: left;">1910-06-20</td>
          <td rowspan="1" colspan="1" class="ve-table-body-td table-body-cell-class1" style="text-align: left;">coding</td>
          <td rowspan="1" colspan="1" class="ve-table-body-td" style="text-align: left;">No.1 Century Avenue, Beijing</td>
        </tr>
        <tr class="ve-table-body-tr">
          <td rowspan="1" colspan="1" class="ve-table-body-td table-body-cell-class2" style="text-align: left;">Larsen</td>
          <td rowspan="1" colspan="1" class="ve-table-body-td" style="text-align: left;">2000-07-20</td>
          <td rowspan="1" colspan="1" class="ve-table-body-td table-body-cell-class1" style="text-align: left;">coding and coding repeat</td>
          <td rowspan="1" colspan="1" class="ve-table-body-td" style="text-align: left;">No.1 Century Avenue, Chongqing</td>
        </tr>
        <tr class="ve-table-body-tr">
          <td rowspan="1" colspan="1" class="ve-table-body-td" style="text-align: left;">Geneva</td>
          <td rowspan="1" colspan="1" class="ve-table-body-td" style="text-align: left;">2010-08-20</td>
          <td rowspan="1" colspan="1" class="ve-table-body-td table-body-cell-class1" style="text-align: left;">coding and coding repeat</td>
          <td rowspan="1" colspan="1" class="ve-table-body-td" style="text-align: left;">No.1 Century Avenue, Xiamen</td>
        </tr>
        <tr class="ve-table-body-tr">
          <td rowspan="1" colspan="1" class="ve-table-body-td" style="text-align: left;">Jami</td>
          <td rowspan="1" colspan="1" class="ve-table-body-td" style="text-align: left;">2020-09-20</td>
          <td rowspan="1" colspan="1" class="ve-table-body-td table-body-cell-class1" style="text-align: left;">coding and coding repeat</td>
          <td rowspan="1" colspan="1" class="ve-table-body-td" style="text-align: left;">No.1 Century Avenue, Shenzhen</td>
        </tr>
      </tbody>
      <tfoot class="ve-table-fixed-footer ve-table-footer">
        <tr row-key="0" class="ve-table-footer-tr">
          <td rowspan="1" colspan="1" class="ve-table-footer-td" style="text-align: left; bottom: 0px;">平均值</td>
          <td rowspan="1" colspan="1" class="ve-table-footer-td" style="text-align: left; bottom: 0px;">213</td>
          <td rowspan="1" colspan="1" class="ve-table-footer-td" style="text-align: left; bottom: 0px;">355</td>
          <td rowspan="1" colspan="1" class="ve-table-footer-td table-footer-cell-class1" style="text-align: left; bottom: 0px;">189</td>
        </tr>
        <tr row-key="1" class="ve-table-footer-tr">
          <td rowspan="1" colspan="1" class="ve-table-footer-td" style="text-align: left; bottom: 0px;">汇总值</td>
          <td rowspan="1" colspan="1" class="ve-table-footer-td table-footer-cell-class2" style="text-align: left; bottom: 0px;">1780</td>
          <td rowspan="1" colspan="1" class="ve-table-footer-td" style="text-align: left; bottom: 0px;">890</td>
          <td rowspan="1" colspan="1" class="ve-table-footer-td table-footer-cell-class1" style="text-align: left; bottom: 0px;">2988</td>
        </tr>
      </tfoot>
    </table>
  </div>
</div>
`;
