// Jest Snapshot v1, https://goo.gl/fbAQLP

exports[`veTable virtual scroll render same row height 1`] = `
<div class="ve-table">
  <div class="ve-table-container ve-table-border-around ve-table-virtual-scroll" style="max-height: 500px; height: 500px;">
    <div class="ve-table-virtual-phantom ve-table-virtual-scroll" style="height: 40000px;">
      <div style="width: 100%;"></div>
    </div>
    <table class="ve-table-content ve-table-border-x">
      <colgroup>
        <col style="width: 200px;">
        <col style="width: 300px;">
        <col>
      </colgroup>
      <thead class="ve-table-fixed-header ve-table-header">
        <tr class="ve-table-header-tr">
          <th rowspan="1" colspan="1" class="ve-table-header-th" style="text-align: left; top: 0px;">Name</th>
          <th rowspan="1" colspan="1" class="ve-table-header-th" style="text-align: left; top: 0px;">Hobby</th>
          <th rowspan="1" colspan="1" class="ve-table-header-th ve-table-last-column" style="text-align: left; top: 0px;">Address</th>
        </tr>
      </thead>
      <tbody class="ve-table-body ve-table-row-hover ve-table-row-highlight">
        <tr style="height: 0px;">
          <td style="padding: 0px; border: 0px; height: 0px;"></td>
          <td style="padding: 0px; border: 0px; height: 0px;"></td>
          <td style="padding: 0px; border: 0px; height: 0px;"></td>
        </tr>
        <tr row-key="0" class="ve-table-body-tr">
          <td rowspan="1" colspan="1" class="ve-table-body-td" style="text-align: left;">0</td>
          <td rowspan="1" colspan="1" class="ve-table-body-td" style="text-align: left;">0</td>
          <td rowspan="1" colspan="1" class="ve-table-body-td" style="text-align: left;">0</td>
        </tr>
        <tr row-key="1" class="ve-table-body-tr">
          <td rowspan="1" colspan="1" class="ve-table-body-td" style="text-align: left;">1</td>
          <td rowspan="1" colspan="1" class="ve-table-body-td" style="text-align: left;">1</td>
          <td rowspan="1" colspan="1" class="ve-table-body-td" style="text-align: left;">1</td>
        </tr>
        <tr row-key="2" class="ve-table-body-tr">
          <td rowspan="1" colspan="1" class="ve-table-body-td" style="text-align: left;">2</td>
          <td rowspan="1" colspan="1" class="ve-table-body-td" style="text-align: left;">2</td>
          <td rowspan="1" colspan="1" class="ve-table-body-td" style="text-align: left;">2</td>
        </tr>
        <tr row-key="3" class="ve-table-body-tr">
          <td rowspan="1" colspan="1" class="ve-table-body-td" style="text-align: left;">3</td>
          <td rowspan="1" colspan="1" class="ve-table-body-td" style="text-align: left;">3</td>
          <td rowspan="1" colspan="1" class="ve-table-body-td" style="text-align: left;">3</td>
        </tr>
        <tr row-key="4" class="ve-table-body-tr">
          <td rowspan="1" colspan="1" class="ve-table-body-td" style="text-align: left;">4</td>
          <td rowspan="1" colspan="1" class="ve-table-body-td" style="text-align: left;">4</td>
          <td rowspan="1" colspan="1" class="ve-table-body-td" style="text-align: left;">4</td>
        </tr>
        <tr row-key="5" class="ve-table-body-tr">
          <td rowspan="1" colspan="1" class="ve-table-body-td" style="text-align: left;">5</td>
          <td rowspan="1" colspan="1" class="ve-table-body-td" style="text-align: left;">5</td>
          <td rowspan="1" colspan="1" class="ve-table-body-td" style="text-align: left;">5</td>
        </tr>
        <tr row-key="6" class="ve-table-body-tr">
          <td rowspan="1" colspan="1" class="ve-table-body-td" style="text-align: left;">6</td>
          <td rowspan="1" colspan="1" class="ve-table-body-td" style="text-align: left;">6</td>
          <td rowspan="1" colspan="1" class="ve-table-body-td" style="text-align: left;">6</td>
        </tr>
        <tr row-key="7" class="ve-table-body-tr">
          <td rowspan="1" colspan="1" class="ve-table-body-td" style="text-align: left;">7</td>
          <td rowspan="1" colspan="1" class="ve-table-body-td" style="text-align: left;">7</td>
          <td rowspan="1" colspan="1" class="ve-table-body-td" style="text-align: left;">7</td>
        </tr>
        <tr row-key="8" class="ve-table-body-tr">
          <td rowspan="1" colspan="1" class="ve-table-body-td" style="text-align: left;">8</td>
          <td rowspan="1" colspan="1" class="ve-table-body-td" style="text-align: left;">8</td>
          <td rowspan="1" colspan="1" class="ve-table-body-td" style="text-align: left;">8</td>
        </tr>
        <tr row-key="9" class="ve-table-body-tr">
          <td rowspan="1" colspan="1" class="ve-table-body-td" style="text-align: left;">9</td>
          <td rowspan="1" colspan="1" class="ve-table-body-td" style="text-align: left;">9</td>
          <td rowspan="1" colspan="1" class="ve-table-body-td" style="text-align: left;">9</td>
        </tr>
        <tr row-key="10" class="ve-table-body-tr">
          <td rowspan="1" colspan="1" class="ve-table-body-td" style="text-align: left;">10</td>
          <td rowspan="1" colspan="1" class="ve-table-body-td" style="text-align: left;">10</td>
          <td rowspan="1" colspan="1" class="ve-table-body-td" style="text-align: left;">10</td>
        </tr>
        <tr row-key="11" class="ve-table-body-tr">
          <td rowspan="1" colspan="1" class="ve-table-body-td" style="text-align: left;">11</td>
          <td rowspan="1" colspan="1" class="ve-table-body-td" style="text-align: left;">11</td>
          <td rowspan="1" colspan="1" class="ve-table-body-td" style="text-align: left;">11</td>
        </tr>
        <tr row-key="12" class="ve-table-body-tr">
          <td rowspan="1" colspan="1" class="ve-table-body-td" style="text-align: left;">12</td>
          <td rowspan="1" colspan="1" class="ve-table-body-td" style="text-align: left;">12</td>
          <td rowspan="1" colspan="1" class="ve-table-body-td" style="text-align: left;">12</td>
        </tr>
        <tr row-key="13" class="ve-table-body-tr">
          <td rowspan="1" colspan="1" class="ve-table-body-td" style="text-align: left;">13</td>
          <td rowspan="1" colspan="1" class="ve-table-body-td" style="text-align: left;">13</td>
          <td rowspan="1" colspan="1" class="ve-table-body-td" style="text-align: left;">13</td>
        </tr>
      </tbody>
      <tfoot class="ve-table-fixed-footer ve-table-footer"></tfoot>
    </table>
  </div>
</div>
`;
