// Jest Snapshot v1, https://goo.gl/fbAQLP

exports[`veTable header paging render multiple field paging 1`] = `
<div class="ve-table">
  <div class="ve-table-container ve-table-border-around" style="height: 2px;">
    <table class="ve-table-content ve-table-border-x">
      <colgroup>
        <col>
        <col>
        <col>
        <col>
        <col>
      </colgroup>
      <thead class="ve-table-fixed-header ve-table-header">
        <tr class="ve-table-header-tr">
          <th rowspan="1" colspan="1" class="ve-table-header-th" style="text-align: left; top: 0px;">Name</th>
          <th rowspan="1" colspan="1" class="ve-table-header-th" style="text-align: center; top: 0px;">Age<span class="ve-table-sort"><i class="ve-icon iconfont-vet icon-vet-sort-top-arrow ve-table-sort-icon ve-table-sort-icon-top"></i><i class="ve-icon iconfont-vet icon-vet-sort-bottom-arrow ve-table-sort-icon ve-table-sort-icon-bottom"></i></span></th>
          <th rowspan="1" colspan="1" class="ve-table-header-th" style="text-align: center; top: 0px;">Weight(kg)<span class="ve-table-sort"><i class="ve-icon iconfont-vet icon-vet-sort-top-arrow ve-table-sort-icon ve-table-sort-icon-top active"></i><i class="ve-icon iconfont-vet icon-vet-sort-bottom-arrow ve-table-sort-icon ve-table-sort-icon-bottom"></i></span></th>
          <th rowspan="1" colspan="1" class="ve-table-header-th" style="text-align: center; top: 0px;">Hobby</th>
          <th rowspan="1" colspan="1" class="ve-table-header-th ve-table-last-column" style="text-align: left; top: 0px;">Address</th>
        </tr>
      </thead>
      <tbody class="ve-table-body ve-table-row-hover ve-table-row-highlight">
        <tr style="height: 0px;">
          <td style="padding: 0px; border: 0px; height: 0px;"></td>
          <td style="padding: 0px; border: 0px; height: 0px;"></td>
          <td style="padding: 0px; border: 0px; height: 0px;"></td>
          <td style="padding: 0px; border: 0px; height: 0px;"></td>
          <td style="padding: 0px; border: 0px; height: 0px;"></td>
        </tr>
        <tr class="ve-table-body-tr">
          <td rowspan="1" colspan="1" class="ve-table-body-td" style="text-align: left;">John</td>
          <td rowspan="1" colspan="1" class="ve-table-body-td" style="text-align: center;">25</td>
          <td rowspan="1" colspan="1" class="ve-table-body-td" style="text-align: center;">66</td>
          <td rowspan="1" colspan="1" class="ve-table-body-td" style="text-align: center;">coding and coding repeat</td>
          <td rowspan="1" colspan="1" class="ve-table-body-td" style="text-align: left;">No.1 Century Avenue, Shanghai</td>
        </tr>
        <tr class="ve-table-body-tr">
          <td rowspan="1" colspan="1" class="ve-table-body-td" style="text-align: left;">Dickerson</td>
          <td rowspan="1" colspan="1" class="ve-table-body-td" style="text-align: center;">20</td>
          <td rowspan="1" colspan="1" class="ve-table-body-td" style="text-align: center;">70</td>
          <td rowspan="1" colspan="1" class="ve-table-body-td" style="text-align: center;">coding and coding repeat</td>
          <td rowspan="1" colspan="1" class="ve-table-body-td" style="text-align: left;">No.1 Century Avenue, Beijing</td>
        </tr>
        <tr class="ve-table-body-tr">
          <td rowspan="1" colspan="1" class="ve-table-body-td" style="text-align: left;">Larsen</td>
          <td rowspan="1" colspan="1" class="ve-table-body-td" style="text-align: center;">18</td>
          <td rowspan="1" colspan="1" class="ve-table-body-td" style="text-align: center;">65</td>
          <td rowspan="1" colspan="1" class="ve-table-body-td" style="text-align: center;">coding and coding repeat</td>
          <td rowspan="1" colspan="1" class="ve-table-body-td" style="text-align: left;">No.1 Century Avenue, Chongqing</td>
        </tr>
        <tr class="ve-table-body-tr">
          <td rowspan="1" colspan="1" class="ve-table-body-td" style="text-align: left;">Geneva</td>
          <td rowspan="1" colspan="1" class="ve-table-body-td" style="text-align: center;">17</td>
          <td rowspan="1" colspan="1" class="ve-table-body-td" style="text-align: center;">80</td>
          <td rowspan="1" colspan="1" class="ve-table-body-td" style="text-align: center;">coding and coding repeat</td>
          <td rowspan="1" colspan="1" class="ve-table-body-td" style="text-align: left;">No.1 Century Avenue, Xiamen</td>
        </tr>
        <tr class="ve-table-body-tr">
          <td rowspan="1" colspan="1" class="ve-table-body-td" style="text-align: left;">Jami</td>
          <td rowspan="1" colspan="1" class="ve-table-body-td" style="text-align: center;">26</td>
          <td rowspan="1" colspan="1" class="ve-table-body-td" style="text-align: center;">72</td>
          <td rowspan="1" colspan="1" class="ve-table-body-td" style="text-align: center;">coding and coding repeat</td>
          <td rowspan="1" colspan="1" class="ve-table-body-td" style="text-align: left;">No.1 Century Avenue, Shenzhen</td>
        </tr>
      </tbody>
      <tfoot class="ve-table-fixed-footer ve-table-footer"></tfoot>
    </table>
  </div>
</div>
`;

exports[`veTable header paging render single field paging 1`] = `
<div class="ve-table">
  <div class="ve-table-container ve-table-border-around" style="height: 2px;">
    <table class="ve-table-content ve-table-border-x">
      <colgroup>
        <col>
        <col>
        <col>
        <col>
        <col>
      </colgroup>
      <thead class="ve-table-fixed-header ve-table-header">
        <tr class="ve-table-header-tr">
          <th rowspan="1" colspan="1" class="ve-table-header-th" style="text-align: left; top: 0px;">Name</th>
          <th rowspan="1" colspan="1" class="ve-table-header-th" style="text-align: center; top: 0px;">Age<span class="ve-table-sort"><i class="ve-icon iconfont-vet icon-vet-sort-top-arrow ve-table-sort-icon ve-table-sort-icon-top"></i><i class="ve-icon iconfont-vet icon-vet-sort-bottom-arrow ve-table-sort-icon ve-table-sort-icon-bottom"></i></span></th>
          <th rowspan="1" colspan="1" class="ve-table-header-th" style="text-align: center; top: 0px;">Weight(kg)<span class="ve-table-sort"><i class="ve-icon iconfont-vet icon-vet-sort-top-arrow ve-table-sort-icon ve-table-sort-icon-top active"></i><i class="ve-icon iconfont-vet icon-vet-sort-bottom-arrow ve-table-sort-icon ve-table-sort-icon-bottom"></i></span></th>
          <th rowspan="1" colspan="1" class="ve-table-header-th" style="text-align: center; top: 0px;">Hobby</th>
          <th rowspan="1" colspan="1" class="ve-table-header-th ve-table-last-column" style="text-align: left; top: 0px;">Address</th>
        </tr>
      </thead>
      <tbody class="ve-table-body ve-table-row-hover ve-table-row-highlight">
        <tr style="height: 0px;">
          <td style="padding: 0px; border: 0px; height: 0px;"></td>
          <td style="padding: 0px; border: 0px; height: 0px;"></td>
          <td style="padding: 0px; border: 0px; height: 0px;"></td>
          <td style="padding: 0px; border: 0px; height: 0px;"></td>
          <td style="padding: 0px; border: 0px; height: 0px;"></td>
        </tr>
        <tr class="ve-table-body-tr">
          <td rowspan="1" colspan="1" class="ve-table-body-td" style="text-align: left;">John</td>
          <td rowspan="1" colspan="1" class="ve-table-body-td" style="text-align: center;">25</td>
          <td rowspan="1" colspan="1" class="ve-table-body-td" style="text-align: center;">66</td>
          <td rowspan="1" colspan="1" class="ve-table-body-td" style="text-align: center;">coding and coding repeat</td>
          <td rowspan="1" colspan="1" class="ve-table-body-td" style="text-align: left;">No.1 Century Avenue, Shanghai</td>
        </tr>
        <tr class="ve-table-body-tr">
          <td rowspan="1" colspan="1" class="ve-table-body-td" style="text-align: left;">Dickerson</td>
          <td rowspan="1" colspan="1" class="ve-table-body-td" style="text-align: center;">20</td>
          <td rowspan="1" colspan="1" class="ve-table-body-td" style="text-align: center;">70</td>
          <td rowspan="1" colspan="1" class="ve-table-body-td" style="text-align: center;">coding and coding repeat</td>
          <td rowspan="1" colspan="1" class="ve-table-body-td" style="text-align: left;">No.1 Century Avenue, Beijing</td>
        </tr>
        <tr class="ve-table-body-tr">
          <td rowspan="1" colspan="1" class="ve-table-body-td" style="text-align: left;">Larsen</td>
          <td rowspan="1" colspan="1" class="ve-table-body-td" style="text-align: center;">18</td>
          <td rowspan="1" colspan="1" class="ve-table-body-td" style="text-align: center;">65</td>
          <td rowspan="1" colspan="1" class="ve-table-body-td" style="text-align: center;">coding and coding repeat</td>
          <td rowspan="1" colspan="1" class="ve-table-body-td" style="text-align: left;">No.1 Century Avenue, Chongqing</td>
        </tr>
        <tr class="ve-table-body-tr">
          <td rowspan="1" colspan="1" class="ve-table-body-td" style="text-align: left;">Geneva</td>
          <td rowspan="1" colspan="1" class="ve-table-body-td" style="text-align: center;">17</td>
          <td rowspan="1" colspan="1" class="ve-table-body-td" style="text-align: center;">80</td>
          <td rowspan="1" colspan="1" class="ve-table-body-td" style="text-align: center;">coding and coding repeat</td>
          <td rowspan="1" colspan="1" class="ve-table-body-td" style="text-align: left;">No.1 Century Avenue, Xiamen</td>
        </tr>
        <tr class="ve-table-body-tr">
          <td rowspan="1" colspan="1" class="ve-table-body-td" style="text-align: left;">Jami</td>
          <td rowspan="1" colspan="1" class="ve-table-body-td" style="text-align: center;">26</td>
          <td rowspan="1" colspan="1" class="ve-table-body-td" style="text-align: center;">72</td>
          <td rowspan="1" colspan="1" class="ve-table-body-td" style="text-align: center;">coding and coding repeat</td>
          <td rowspan="1" colspan="1" class="ve-table-body-td" style="text-align: left;">No.1 Century Avenue, Shenzhen</td>
        </tr>
      </tbody>
      <tfoot class="ve-table-fixed-footer ve-table-footer"></tfoot>
    </table>
  </div>
</div>
`;
